../Core/Src/main.c:60:6:ledOneShot	8	static
../Core/Src/main.c:64:6:led_1	8	static
../Core/Src/main.c:68:6:led_2	8	static
../Core/Src/main.c:72:6:led_3	8	static
../Core/Src/main.c:76:6:led_4	8	static
../Core/Src/main.c:86:5:main	8	static
../Core/Src/main.c:138:6:SystemClock_Config	72	static
../Core/Src/main.c:175:13:MX_TIM2_Init	32	static
../Core/Src/main.c:220:13:MX_GPIO_Init	32	static
../Core/Src/main.c:243:6:HAL_TIM_PeriodElapsedCallback	16	static
../Core/Src/main.c:254:6:Error_Handler	4	static,ignoring_inline_asm
